Tests.All\VerifyVIsNotBroken.vi
Tests.Generator\Dialog\AllowedCharsInName_CheckPluginNameIsValid_NameValid.vi
Tests.Generator\Dialog\ConflictingNameInProject_CheckPluginNameIsValid_NameInvalid.vi
Tests.Generator\Dialog\DisallowedCharsInName_CheckPluginNameIsValid_NameInvalid.vi
Tests.Generator\Dialog\ReservedName_CheckPluginNameIsValid_NameInvalid.vi
Tests.Runtime\Discovery Client\NoServicesRegistered_InvalidRegisterRequests_Error.vi
Tests.Runtime\Discovery Client\SingleServiceRegistered_DiscoveryApiRoundTrip_AllNodesSucceed.vi
Tests.Runtime\Discovery Client\SingleServiceRegistered_InvalidResolveRequests_Error.vi
Tests.Runtime\Pin Map Client\CreatePinmapWith3Pins_QueryPins_3PinsReported.vi
Tests.Runtime\Session Management Client\MultisitePinMapARegistered_ReserveSessionTwice_SecondReserveFails.vi
Tests.Runtime\Session Management Client\MultisitePinMapARegistered_SessionManagementApiRoundTrip_AllNodesSucceed.vi
Tests.Runtime\Measurement Server\DiscoveryServiceNotRunning_LaunchDiscoveryService_DiscoveryServiceStarted.vi
Tests.Runtime\Measurement Server\ClientPool_CreateDestroyAndRecreateClients_ClientsCreatedWithNonZeroGrpcId.vi
Tests.Runtime\Measurement Server\ClientPool_GetClients_ClientsCreatedWithNonZeroGrpcId.vi
Tests.Runtime\Measurement Server\ServiceLocationPool_GetLocation_ReturnsValidLocation.vi
Tests.Runtime\Measurement Server\ServiceLocationPool_GetLocationTwice_ReturnsCachedLocation.vi
Tests.Runtime\Measurement Server\ServiceLocationPool_DiscoveryServiceUnavailable_GetUncachedLocation_ReturnsError.vi
Tests.Runtime\Measurement Server\ServiceLocationPool_GetInvalidServiceTwice_DoesNotCacheInvalidData.vi
Tests.Runtime\Measurement Server\niDCPower\DCPowerInstrument_CallInitializeMeasurementLinkSessionWithCreateBehavior_RemoteSessionCreated.vi
Tests.Runtime\Measurement Server\niDCPower\RemoteDCPowerSession_CallCloseMeasurementLinkSessionWithCloseBehavior_RemoteSessionClosed.vi
Tests.Runtime\Measurement Server\niDCPower\RemoteDCPowerSession_CallCloseMeasurementLinkSessionWithDetachBehavior_RemoteSessionDetached.vi
Tests.Runtime\Measurement Server\niDCPower\RemoteDCPowerSession_CallInitializeMeasurementLinkSessionWithAttachBehavior_RemoteSessionAttached.vi
Tests.Runtime\Measurement Server\niDCPower\DigitalInstrument_CallInitializeMeasurementLinkSessionWithCreateBehavior_RemoteSessionCreated.vi
Tests.Runtime\Measurement Server\niDCPower\RemoteDigitalSession_CallCloseMeasurementLinkSessionWithCloseBehavior_RemoteSessionClosed.vi
Tests.Runtime\Measurement Server\niDCPower\RemoteDigitalSession_CallCloseMeasurementLinkSessionWithDetachBehavior_RemoteSessionDetached.vi
Tests.Runtime\Measurement Server\niDCPower\RemoteDigitalSession_CallInitializeMeasurementLinkSessionWithAttachBehavior_RemoteSessionAttached.vi
