Tests.All\VerifyVIsNotBroken.vi
Tests.Generator\Dialog\AllowedCharsInName_CheckPluginNameIsValid_NameValid.vi
Tests.Generator\Dialog\ConflictingNameInProject_CheckPluginNameIsValid_NameInvalid.vi
Tests.Generator\Dialog\DisallowedCharsInName_CheckPluginNameIsValid_NameInvalid.vi
Tests.Generator\Dialog\ReservedName_CheckPluginNameIsValid_NameInvalid.vi
Tests.Runtime\Discovery Client\NoServicesRegistered_InvalidRegisterRequests_Error.vi
Tests.Runtime\Discovery Client\SingleServiceRegistered_DiscoveryApiRoundTrip_AllNodesSucceed.vi
Tests.Runtime\Discovery Client\SingleServiceRegistered_InvalidResolveRequests_Error.vi
Tests.Runtime\Pin Map Client\CreatePinmapWith3Pins_QueryPins_3PinsReported.vi
Tests.Runtime\Session Management Client\MultisitePinMapARegistered_ReserveSessionTwice_SecondReserveFails.vi
Tests.Runtime\Session Management Client\MultisitePinMapARegistered_SessionManagementApiRoundTrip_AllNodesSucceed.vi
Tests.Runtime\Measurement Server\DiscoveryServiceNotRunning_LaunchDiscoveryService_DiscoveryServiceStarted.vi
Tests.Runtime\Measurement Server\ClientPool_CreateDestroyAndRecreateClients_ClientsCreatedWithNonZeroGrpcId.vi
Tests.Runtime\Measurement Server\ClientPool_GetClients_ClientsCreatedWithNonZeroGrpcId.vi
Tests.Runtime\Measurement Server\ServiceLocationPool_GetLocation_ReturnsValidLocation.vi
Tests.Runtime\Measurement Server\ServiceLocationPool_GetLocationTwice_ReturnsCachedLocation.vi
Tests.Runtime\Measurement Server\ServiceLocationPool_DiscoveryServiceUnavailable_GetUncachedLocation_ReturnsError.vi
Tests.Runtime\Measurement Server\ServiceLocationPool_GetInvalidServiceTwice_DoesNotCacheInvalidData.vi
Tests.Runtime\Measurement Server\niDCPower\DCPowerInstrument_CallInitializeMeasurementLinkSessionWithCreateBehavior_RemoteSessionCreated.vi
Tests.Runtime\Measurement Server\niDCPower\RemoteDCPowerSession_CallCloseMeasurementLinkSessionWithCloseBehavior_RemoteSessionClosed.vi
Tests.Runtime\Measurement Server\niDCPower\RemoteDCPowerSession_CallCloseMeasurementLinkSessionWithDetachBehavior_RemoteSessionDetached.vi
Tests.Runtime\Measurement Server\niDCPower\RemoteDCPowerSession_CallInitializeMeasurementLinkSessionWithAttachBehavior_RemoteSessionAttached.vi
Tests.Runtime\Measurement Server\niDigital\DigitalInstrument_CallInitializeMeasurementLinkSessionWithCreateBehavior_RemoteSessionCreated.vi
Tests.Runtime\Measurement Server\niDigital\RemoteDigitalSession_CallCloseMeasurementLinkSessionWithCloseBehavior_RemoteSessionClosed.vi
Tests.Runtime\Measurement Server\niDigital\RemoteDigitalSession_CallCloseMeasurementLinkSessionWithDetachBehavior_RemoteSessionDetached.vi
Tests.Runtime\Measurement Server\niDigital\RemoteDigitalSession_CallInitializeMeasurementLinkSessionWithAttachBehavior_RemoteSessionAttached.vi
Tests.Runtime\Measurement Server\niFGEN\FgenInstrument_CallInitializeMeasurementLinkSessionWithCreateBehavior_RemoteSessionCreated.vi
Tests.Runtime\Measurement Server\niFGEN\RemoteFgenSession_CallCloseMeasurementLinkSessionWithCloseBehavior_RemoteSessionClosed.vi
Tests.Runtime\Measurement Server\niFGEN\RemoteFgenSession_CallCloseMeasurementLinkSessionWithDetachBehavior_RemoteSessionDetached.vi
Tests.Runtime\Measurement Server\niFGEN\RemoteFgenSession_CallInitializeMeasurementLinkSessionWithAttachBehavior_RemoteSessionAttached.vi
Tests.Runtime\Measurement Server\niScope\ScopeInstrument_CallInitializeMeasurementLinkSessionWithCreateBehavior_RemoteSessionCreated.vi
Tests.Runtime\Measurement Server\niScope\RemoteScopeSession_CallCloseMeasurementLinkSessionWithCloseBehavior_RemoteSessionClosed.vi
Tests.Runtime\Measurement Server\niScope\RemoteScopeSession_CallCloseMeasurementLinkSessionWithDetachBehavior_RemoteSessionDetached.vi
Tests.Runtime\Measurement Server\niScope\RemoteScopeSession_CallInitializeMeasurementLinkSessionWithAttachBehavior_RemoteSessionAttached.vi
Tests.Runtime\Measurement Server\Get Connections\OneSessOnePinOneInstrOneSiteReservation_CallGetConnectionFromPinForOneDcPowerPinsAllSites_ReturnsOneConnection.vi
Tests.Runtime\Measurement Server\Get Connections\OneSessOnePinOneInstrOneSiteReservation_CallGetConnectionsFromPinsForAllDcPowerPinsAllSitesWithNoReservePins_ReturnsOneConnection.vi
Tests.Runtime\Measurement Server\Get Connections\OneSessTwoPinOneInstrOneSiteReservation_CallNiDcPowerGetConnections1Pin1Connection_ReturnsOneConnection.vi
Tests.Runtime\Measurement Server\Get Connections\OneSessTwoPinOneInstrOneSiteReservation_CallNiDcPowerGetConnections1PinMConnections_ReturnsTwoConnections.vi
Tests.Runtime\Measurement Server\Get Connections\OneSessTwoPinOneInstrOneSiteReservation_CallNiDcPowerGetConnectionsNPinsMConnections_ReturnsThreeConnections.vi
Tests.Runtime\Measurement Server\Get Connections\ThreeSessThreePinTwoInstrTwoSiteReservation_CallGetConnectionFromPinForAllDcPowerPinsOneSite_ReturnsOneConnection.vi
Tests.Runtime\Measurement Server\Get Connections\ThreeSessThreePinTwoInstrTwoSiteReservation_CallGetConnectionFromPinForOneDcPowerPinAllSites_ReturnsMulitpleConnectionsError.vi
Tests.Runtime\Measurement Server\Get Connections\ThreeSessThreePinTwoInstrTwoSiteReservation_CallGetConnectionFromPinForOneDcPowerPinOneSite_ReturnsOneConnection.vi
Tests.Runtime\Measurement Server\Get Connections\ThreeSessThreePinTwoInstrTwoSiteReservation_CallGetConnectionsFromPinForAllDcPowerPinsAllSites_ReturnsThreeConnections.vi
Tests.Runtime\Measurement Server\Get Connections\ThreeSessThreePinTwoInstrTwoSiteReservation_CallGetConnectionsFromPinForOneDcPowerPinAllSites_ReturnsTwoConnections.vi
Tests.Runtime\Measurement Server\Get Connections\ThreeSessThreePinTwoInstrTwoSiteReservation_CallGetConnectionsFromPinForOneDcPowerPinOneSite_ReturnsOneConnection.vi
Tests.Runtime\Measurement Server\Get Connections\ThreeSessThreePinTwoInstrTwoSiteReservation_CallGetConnectionsFromPinsForAllDcPowerPinsAllSites_ReturnsThreeConnections.vi
Tests.Runtime\Measurement Server\Get Connections\ThreeSessThreePinTwoInstrTwoSiteReservation_CallGetConnectionsFromPinsForAllDcPowerPinsOneSite_ReturnsTwoConnections.vi
Tests.Runtime\Measurement Server\Get Connections\ThreeSessThreePinTwoInstrTwoSiteReservation_CallGetConnectionsFromPinsForNonExistentInstr_ReturnsError.vi
Tests.Runtime\Measurement Server\Get Connections\ThreeSessThreePinTwoInstrTwoSiteReservation_CallGetConnectionsFromPinsForNonExistentPin_ReturnsError.vi
Tests.Runtime\Measurement Server\Get Connections\ThreeSessThreePinTwoInstrTwoSiteReservation_CallGetConnectionsFromPinsForNonExistentSite_ReturnsError.vi
Tests.Runtime\Measurement Server\Get Connections\ThreeSessThreePinTwoInstrTwoSiteReservation_CallGetConnectionsFromPinsForOneDcPowerPinAllSites_ReturnsTwoConnections.vi
Tests.Runtime\Measurement Server\Get Connections\ThreeSessThreePinTwoInstrTwoSiteReservation_CallGetConnectionsFromPinsForOneDcPowerPinOneSite_ReturnsOneConnection.vi
Tests.Runtime\Measurement Server\Get Connections\ThreeSessThreePinTwoInstrTwoSiteReservation_CallGetConnectionsFromPinsForOneFgenPinAllSites_ReturnsOneConnection.vi
Tests.Runtime\Measurement Server\Get Connections\ThreeSessThreePinTwoInstrTwoSiteReservation_CallGetConnectionsFromPinsForTwoDcPowerPinsAllSites_ReturnsThreeConnections.vi
Tests.Runtime\Measurement Server\Create Sessions\DCPowerInstrument_CallCreateSessionWithUnregisteredSessionReserved_RemoteSessionCreated.vi
Tests.Runtime\Measurement Server\Create Sessions\DCPowerInstrument_CallCreateSessionsWithUnregisteredSessionsReserved_RemoteSessionsCreated.vi
